// Jest Snapshot v1, https://goo.gl/fbAQLP

exports[`both password and salt must be passed: password and salt 1`] = `[Error: Both password and salt must be specified]`;

exports[`derive keys from password: empty key rclone 1`] = `
Object {
  "dataKey": Uint8Array [
    141,
    221,
    255,
    96,
    210,
    69,
    65,
    244,
    71,
    146,
    103,
    45,
    248,
    199,
    117,
    104,
    63,
    158,
    208,
    37,
    247,
    132,
    60,
    19,
    21,
    123,
    90,
    106,
    38,
    191,
    116,
    151,
  ],
  "nameKey": Uint8Array [
    7,
    70,
    145,
    143,
    237,
    130,
    150,
    239,
    150,
    203,
    18,
    140,
    247,
    244,
    186,
    113,
    243,
    124,
    105,
    76,
    228,
    36,
    165,
    200,
    252,
    250,
    206,
    192,
    108,
    133,
    242,
    224,
  ],
  "nameTweak": Uint8Array [
    175,
    72,
    94,
    105,
    195,
    20,
    108,
    175,
    135,
    45,
    240,
    211,
    154,
    221,
    78,
    93,
  ],
  "password": "UmyLSdRHfew6aual28-ggx78qHqSfQ",
  "salt": "Cj3gLa5PVwc2aot0QpKiOZ3YEzs3Sw",
}
`;
